/data/home/cjy/miniconda3/envs/software-testing/lib/python3.12/site-packages/tree_sitter/__init__.py:36: FutureWarning: Language(path, name) is deprecated. Use Language(ptr, name) instead.
  warn("{} is deprecated. Use {} instead.".format(old, new), FutureWarning)
待筛查 413 个仓库（已完成跳过 91 个），cutoff=2026-01-01 recency=any_line skip_build=True

[FasterXML/jackson-databind] 候选方法（过滤后）: 58
[FasterXML/jackson-databind] 接受: strict=6 relaxed=35 选用=6
[AxonIQ/AxonFramework] clone <- https://github.com/AxonIQ/AxonFramework.git
[AxonIQ/AxonFramework] 候选方法（过滤后）: 1
[AxonIQ/AxonFramework] 拒绝: 过 cutoff 候选不足（strict=1, relaxed=0）
[apache/paimon] clone <- https://github.com/apache/paimon.git
[apache/paimon] 候选方法（过滤后）: 58
[apache/paimon] 接受: strict=15 relaxed=27 选用=15
[apache/avro] clone <- https://github.com/apache/avro.git
[apache/avro] 候选方法（过滤后）: 13
[apache/avro] 拒绝: 过 cutoff 候选不足（strict=1, relaxed=0）
[apache/parquet-java] clone <- https://github.com/apache/parquet-java.git
[apache/parquet-java] 候选方法（过滤后）: 9
[apache/parquet-java] 拒绝: 过 cutoff 候选不足（strict=1, relaxed=1）
[classgraph/classgraph] clone <- https://github.com/classgraph/classgraph.git
[classgraph/classgraph] 候选方法（过滤后）: 2
[classgraph/classgraph] 拒绝: 过 cutoff 候选不足（strict=0, relaxed=2）
[apache/commons-lang] clone <- https://github.com/apache/commons-lang.git
[apache/commons-lang] 候选方法（过滤后）: 5
[apache/commons-lang] 拒绝: 过 cutoff 候选不足（strict=0, relaxed=4）
[thymeleaf/thymeleaf] clone <- https://github.com/thymeleaf/thymeleaf.git
[thymeleaf/thymeleaf] 候选方法（过滤后）: 22
[thymeleaf/thymeleaf] 拒绝: 过 cutoff 候选不足（strict=1, relaxed=3）
[opensolon/solon] clone <- https://github.com/opensolon/solon.git
[opensolon/solon] 候选方法（过滤后）: 13
[opensolon/solon] 接受: strict=1 relaxed=4 选用=5
[mybatis-flex/mybatis-flex] 候选方法（过滤后）: 7
[mybatis-flex/mybatis-flex] 拒绝: 过 cutoff 候选不足（strict=1, relaxed=0）
[hierynomus/sshj] clone <- https://github.com/hierynomus/sshj.git
[hierynomus/sshj] 拒绝: pom 中未声明 JUnit 依赖
[OpenLineage/OpenLineage] clone <- https://github.com/OpenLineage/OpenLineage.git
[OpenLineage/OpenLineage] 拒绝: 无 pom.xml（Gradle-only? gradle文件数=52）
[dromara/RuoYi-Vue-Plus] clone <- https://github.com/dromara/RuoYi-Vue-Plus.git
[dromara/RuoYi-Vue-Plus] 拒绝: pom 中未声明 JUnit 依赖
[dlew/joda-time-android] clone <- https://github.com/dlew/joda-time-android.git
[dlew/joda-time-android] 拒绝: 无 pom.xml（Gradle-only? gradle文件数=6）
[spring-ai-alibaba/DataAgent] clone <- https://github.com/spring-ai-alibaba/DataAgent.git
[spring-ai-alibaba/DataAgent] 候选方法（过滤后）: 1
[spring-ai-alibaba/DataAgent] 拒绝: 过 cutoff 候选不足（strict=0, relaxed=1）
[apache/logging-flume] clone <- https://github.com/apache/logging-flume.git
[apache/logging-flume] 候选方法（过滤后）: 5
[apache/logging-flume] 接受: strict=2 relaxed=3 选用=5
[http-kit/http-kit] clone <- https://github.com/http-kit/http-kit.git
[http-kit/http-kit] 拒绝: 无 pom.xml（Gradle-only? gradle文件数=0）
[katzer/cordova-plugin-local-notifications] clone <- https://github.com/katzer/cordova-plugin-local-notifications.git
[katzer/cordova-plugin-local-notifications] 拒绝: 无 pom.xml（Gradle-only? gradle文件数=1）
[google/jimfs] clone <- https://github.com/google/jimfs.git
[google/jimfs] 候选方法（过滤后）: 0
[google/jimfs] 拒绝: 过 cutoff 候选不足（strict=0, relaxed=0）
[nutzam/nutz] clone <- https://github.com/nutzam/nutz.git
[nutzam/nutz] 拒绝: cutoff 2026-01-01 以来 src/main/java 零提交（主代码冻结）
[logfellow/logstash-logback-encoder] clone <- https://github.com/logfellow/logstash-logback-encoder.git
[logfellow/logstash-logback-encoder] 拒绝: cutoff 2026-01-01 以来 src/main/java 零提交（主代码冻结）
[qos-ch/slf4j] clone <- https://github.com/qos-ch/slf4j.git
[qos-ch/slf4j] 候选方法（过滤后）: 0
[qos-ch/slf4j] 拒绝: 过 cutoff 候选不足（strict=0, relaxed=0）
[pac4j/pac4j] clone <- https://github.com/pac4j/pac4j.git
[pac4j/pac4j] 候选方法（过滤后）: 8
[pac4j/pac4j] 接受: strict=2 relaxed=5 选用=5
[sofastack/sofa-bolt] clone <- https://github.com/sofastack/sofa-bolt.git
[sofastack/sofa-bolt] 候选方法（过滤后）: 4
[sofastack/sofa-bolt] 拒绝: 过 cutoff 候选不足（strict=2, relaxed=0）
[googlemaps-samples/android-samples] clone <- https://github.com/googlemaps-samples/android-samples.git
[googlemaps-samples/android-samples] 拒绝: 无 pom.xml（Gradle-only? gradle文件数=32）
[spring-projects/spring-kafka] clone <- https://github.com/spring-projects/spring-kafka.git
[spring-projects/spring-kafka] 拒绝: pom 中未声明 JUnit 依赖
[Netflix/archaius] clone <- https://github.com/Netflix/archaius.git
[Netflix/archaius] 拒绝: 无 pom.xml（Gradle-only? gradle文件数=10）
[atomashpolskiy/bt] clone <- https://github.com/atomashpolskiy/bt.git
[atomashpolskiy/bt] 候选方法（过滤后）: 2
[atomashpolskiy/bt] 拒绝: 过 cutoff 候选不足（strict=0, relaxed=0）
[apache/activemq] clone <- https://github.com/apache/activemq.git
[apache/activemq] 候选方法（过滤后）: 44
[apache/activemq] 接受: strict=1 relaxed=11 选用=5
[moquette-io/moquette] clone <- https://github.com/moquette-io/moquette.git
[moquette-io/moquette] 候选方法（过滤后）: 1
[moquette-io/moquette] 拒绝: 过 cutoff 候选不足（strict=1, relaxed=0）
[open-telemetry/opentelemetry-java] clone <- https://github.com/open-telemetry/opentelemetry-java.git
[open-telemetry/opentelemetry-java] 拒绝: 无 pom.xml（Gradle-only? gradle文件数=71）
[huanzi-qch/base-admin] clone <- https://github.com/huanzi-qch/base-admin.git
[huanzi-qch/base-admin] 拒绝: pom 中未声明 JUnit 依赖
[techa03/goodsKill] clone <- https://github.com/techa03/goodsKill.git
[techa03/goodsKill] 候选方法（过滤后）: 0
[techa03/goodsKill] 拒绝: 过 cutoff 候选不足（strict=0, relaxed=0）
[nordicsemi/Android-BLE-Library] clone <- https://github.com/nordicsemi/Android-BLE-Library.git
[nordicsemi/Android-BLE-Library] 拒绝: 无 pom.xml（Gradle-only? gradle文件数=13）
[openzipkin/brave] clone <- https://github.com/openzipkin/brave.git
[openzipkin/brave] 拒绝: cutoff 2026-01-01 以来 src/main/java 零提交（主代码冻结）
[PurpurMC/Purpur] clone <- https://github.com/PurpurMC/Purpur.git
[PurpurMC/Purpur] 拒绝: 无 pom.xml（Gradle-only? gradle文件数=3）
[apache/dubbo-samples] clone <- https://github.com/apache/dubbo-samples.git
[apache/dubbo-samples] 候选方法（过滤后）: 1
[apache/dubbo-samples] 拒绝: 过 cutoff 候选不足（strict=0, relaxed=0）
[FasterXML/jackson-core] clone <- https://github.com/FasterXML/jackson-core.git
[FasterXML/jackson-core] 候选方法（过滤后）: 26
[FasterXML/jackson-core] 接受: strict=5 relaxed=5 选用=5
[baomidou/mybatis-plus-samples] clone <- https://github.com/baomidou/mybatis-plus-samples.git
[baomidou/mybatis-plus-samples] 拒绝: cutoff 2026-01-01 以来 src/main/java 零提交（主代码冻结）
[meituan/WMRouter] clone <- https://github.com/meituan/WMRouter.git
[meituan/WMRouter] 拒绝: 无 pom.xml（Gradle-only? gradle文件数=17）
[apache/incubator-seata-samples] clone <- https://github.com/apache/incubator-seata-samples.git
[apache/incubator-seata-samples] 拒绝: pom 中未声明 JUnit 依赖
[Vineflower/vineflower] clone <- https://github.com/Vineflower/vineflower.git
[Vineflower/vineflower] 拒绝: 无 pom.xml（Gradle-only? gradle文件数=7）
[gaul/s3proxy] clone <- https://github.com/gaul/s3proxy.git
[gaul/s3proxy] 候选方法（过滤后）: 15
[gaul/s3proxy] 接受: strict=6 relaxed=8 选用=6
[jenkinsci/kubernetes-plugin] clone <- https://github.com/jenkinsci/kubernetes-plugin.git
[jenkinsci/kubernetes-plugin] 候选方法（过滤后）: 5
[jenkinsci/kubernetes-plugin] 接受: strict=3 relaxed=2 选用=5
[LuckPerms/LuckPerms] clone <- https://github.com/LuckPerms/LuckPerms.git
[LuckPerms/LuckPerms] 拒绝: 无 pom.xml（Gradle-only? gradle文件数=31）
[a466350665/smart-sso] clone <- https://github.com/a466350665/smart-sso.git
[a466350665/smart-sso] 拒绝: pom 中未声明 JUnit 依赖
[amaembo/streamex] clone <- https://github.com/amaembo/streamex.git
[amaembo/streamex] 候选方法（过滤后）: 1
[amaembo/streamex] 拒绝: 过 cutoff 候选不足（strict=0, relaxed=0）
[prometheus/client_java] clone <- https://github.com/prometheus/client_java.git
[prometheus/client_java] 候选方法（过滤后）: 3
[prometheus/client_java] 拒绝: 过 cutoff 候选不足（strict=0, relaxed=1）
[MarquezProject/marquez] clone <- https://github.com/MarquezProject/marquez.git
[MarquezProject/marquez] 拒绝: 无 pom.xml（Gradle-only? gradle文件数=4）
[FormidableLabs/react-native-app-auth] clone <- https://github.com/FormidableLabs/react-native-app-auth.git
[FormidableLabs/react-native-app-auth] 拒绝: 无 pom.xml（Gradle-only? gradle文件数=4）
[vigna/fastutil] clone <- https://github.com/vigna/fastutil.git
[vigna/fastutil] 拒绝: 无 pom.xml（Gradle-only? gradle文件数=0）
[srikanth-lingala/zip4j] clone <- https://github.com/srikanth-lingala/zip4j.git
[srikanth-lingala/zip4j] 候选方法（过滤后）: 0
[srikanth-lingala/zip4j] 拒绝: 过 cutoff 候选不足（strict=0, relaxed=0）
[webbukkit/dynmap] clone <- https://github.com/webbukkit/dynmap.git
[webbukkit/dynmap] 拒绝: 无 pom.xml（Gradle-only? gradle文件数=54）
[Netflix/EVCache] clone <- https://github.com/Netflix/EVCache.git
[Netflix/EVCache] 拒绝: 无 pom.xml（Gradle-only? gradle文件数=8）
[dromara/x-file-storage] clone <- https://github.com/dromara/x-file-storage.git
[dromara/x-file-storage] 拒绝: pom 中未声明 JUnit 依赖
[hncboy/ai-beehive] clone <- https://github.com/hncboy/ai-beehive.git
[hncboy/ai-beehive] 拒绝: pom 中未声明 JUnit 依赖
[moshowgame/SpringBootCodeGenerator] clone <- https://github.com/moshowgame/SpringBootCodeGenerator.git
[moshowgame/SpringBootCodeGenerator] 候选方法（过滤后）: 1
[moshowgame/SpringBootCodeGenerator] 拒绝: 过 cutoff 候选不足（strict=0, relaxed=0）
[ainilili/ratel] clone <- https://github.com/ainilili/ratel.git
[ainilili/ratel] 拒绝: cutoff 2026-01-01 以来 src/main/java 零提交（主代码冻结）
[spring-petclinic/spring-petclinic-microservices] clone <- https://github.com/spring-petclinic/spring-petclinic-microservices.git
[spring-petclinic/spring-petclinic-microservices] 拒绝: cutoff 2026-01-01 以来 src/main/java 零提交（主代码冻结）
[quarkusio/quarkus-quickstarts] clone <- https://github.com/quarkusio/quarkus-quickstarts.git
[quarkusio/quarkus-quickstarts] 拒绝: pom 中未声明 JUnit 依赖
[onthegomap/planetiler] clone <- https://github.com/onthegomap/planetiler.git
[onthegomap/planetiler] 候选方法（过滤后）: 4
[onthegomap/planetiler] 拒绝: 过 cutoff 候选不足（strict=1, relaxed=0）
[apache/atlas] clone <- https://github.com/apache/atlas.git
[apache/atlas] 候选方法（过滤后）: 19
[apache/atlas] 接受: strict=3 relaxed=2 选用=5
[jdbi/jdbi] clone <- https://github.com/jdbi/jdbi.git
[jdbi/jdbi] 候选方法（过滤后）: 1
[jdbi/jdbi] 拒绝: 过 cutoff 候选不足（strict=0, relaxed=0）
[apache/fluss] clone <- https://github.com/apache/fluss.git
[apache/fluss] 候选方法（过滤后）: 17
[apache/fluss] 接受: strict=5 relaxed=7 选用=5
[jonashackt/spring-boot-vuejs] clone <- https://github.com/jonashackt/spring-boot-vuejs.git
[jonashackt/spring-boot-vuejs] 拒绝: pom 中未声明 JUnit 依赖
[ModelEngine-Group/fit-framework] clone <- https://github.com/ModelEngine-Group/fit-framework.git
[ModelEngine-Group/fit-framework] 候选方法（过滤后）: 0
[ModelEngine-Group/fit-framework] 拒绝: 过 cutoff 候选不足（strict=0, relaxed=0）
[DozerMapper/dozer] clone <- https://github.com/DozerMapper/dozer.git
[DozerMapper/dozer] 拒绝: cutoff 2026-01-01 以来 src/main/java 零提交（主代码冻结）
[continew-org/continew-admin] clone <- https://github.com/continew-org/continew-admin.git
[continew-org/continew-admin] 拒绝: pom 中未声明 JUnit 依赖
[topjohnwu/libsu] clone <- https://github.com/topjohnwu/libsu.git
[topjohnwu/libsu] 拒绝: 无 pom.xml（Gradle-only? gradle文件数=9）
[ctripcorp/x-pipe] clone <- https://github.com/ctripcorp/x-pipe.git
[ctripcorp/x-pipe] 候选方法（过滤后）: 22
[ctripcorp/x-pipe] 接受: strict=6 relaxed=8 选用=6
[ehcache/ehcache3] clone <- https://github.com/ehcache/ehcache3.git
[ehcache/ehcache3] 拒绝: 无 pom.xml（Gradle-only? gradle文件数=31）
[gnembon/fabric-carpet] clone <- https://github.com/gnembon/fabric-carpet.git
[gnembon/fabric-carpet] 拒绝: 无 pom.xml（Gradle-only? gradle文件数=2）
[confluentinc/examples] clone <- https://github.com/confluentinc/examples.git
[confluentinc/examples] 拒绝: cutoff 2026-01-01 以来 src/main/java 零提交（主代码冻结）
[zalando/logbook] clone <- https://github.com/zalando/logbook.git
[zalando/logbook] 候选方法（过滤后）: 0
[zalando/logbook] 拒绝: 过 cutoff 候选不足（strict=0, relaxed=0）
[testng-team/testng] clone <- https://github.com/testng-team/testng.git
[testng-team/testng] 拒绝: 无 pom.xml（Gradle-only? gradle文件数=44）
[spring-cloud/spring-cloud-config] clone <- https://github.com/spring-cloud/spring-cloud-config.git
[spring-cloud/spring-cloud-config] 拒绝: pom 中未声明 JUnit 依赖
[rememberber/MooTool] clone <- https://github.com/rememberber/MooTool.git
[rememberber/MooTool] 候选方法（过滤后）: 12
[rememberber/MooTool] 接受: strict=2 relaxed=6 选用=5
[microcks/microcks] clone <- https://github.com/microcks/microcks.git
[microcks/microcks] 候选方法（过滤后）: 11
[microcks/microcks] 接受: strict=2 relaxed=5 选用=5
[Baeldung/spring-security-oauth] clone <- https://github.com/Baeldung/spring-security-oauth.git
[Baeldung/spring-security-oauth] 拒绝: cutoff 2026-01-01 以来 src/main/java 零提交（主代码冻结）
[cbeust/jcommander] clone <- https://github.com/cbeust/jcommander.git
[cbeust/jcommander] 拒绝: 无 pom.xml（Gradle-only? gradle文件数=3）
[apache/drill] clone <- https://github.com/apache/drill.git
[apache/drill] 候选方法（过滤后）: 53
[apache/drill] 拒绝: 过 cutoff 候选不足（strict=0, relaxed=4）
[1hakr/AnExplorer] clone <- https://github.com/1hakr/AnExplorer.git
[1hakr/AnExplorer] 拒绝: 无 pom.xml（Gradle-only? gradle文件数=3）
[zfoo-project/zfoo] clone <- https://github.com/zfoo-project/zfoo.git
[zfoo-project/zfoo] 候选方法（过滤后）: 10
[zfoo-project/zfoo] 接受: strict=4 relaxed=1 选用=5
[nashtech-garage/yas] clone <- https://github.com/nashtech-garage/yas.git
[nashtech-garage/yas] 候选方法（过滤后）: 0
[nashtech-garage/yas] 拒绝: 过 cutoff 候选不足（strict=0, relaxed=0）
[validator/validator] clone <- https://github.com/validator/validator.git
[validator/validator] 拒绝: pom 中未声明 JUnit 依赖
[elastic/elasticsearch-hadoop] clone <- https://github.com/elastic/elasticsearch-hadoop.git
[elastic/elasticsearch-hadoop] 拒绝: 无 pom.xml（Gradle-only? gradle文件数=18）
[langgraph4j/langgraph4j] clone <- https://github.com/langgraph4j/langgraph4j.git
[langgraph4j/langgraph4j] 候选方法（过滤后）: 1
[langgraph4j/langgraph4j] 拒绝: 过 cutoff 候选不足（strict=1, relaxed=0）
[linkedin/dexmaker] clone <- https://github.com/linkedin/dexmaker.git
[linkedin/dexmaker] 拒绝: 无 pom.xml（Gradle-only? gradle文件数=14）
[javahongxi/whatsmars] clone <- https://github.com/javahongxi/whatsmars.git
[javahongxi/whatsmars] 候选方法（过滤后）: 0
[javahongxi/whatsmars] 拒绝: 过 cutoff 候选不足（strict=0, relaxed=0）
[bit4woo/knife] clone <- https://github.com/bit4woo/knife.git
[bit4woo/knife] 拒绝: pom 中未声明 JUnit 依赖
[pengrad/java-telegram-bot-api] clone <- https://github.com/pengrad/java-telegram-bot-api.git
[pengrad/java-telegram-bot-api] 拒绝: pom 中未声明 JUnit 依赖
[w3c/epubcheck] clone <- https://github.com/w3c/epubcheck.git
[w3c/epubcheck] 候选方法（过滤后）: 12
[w3c/epubcheck] 拒绝: 过 cutoff 候选不足（strict=2, relaxed=1）
[dromara/forest] clone <- https://github.com/dromara/forest.git
[dromara/forest] 拒绝: cutoff 2026-01-01 以来 src/main/java 零提交（主代码冻结）
[apache/servicecomb-java-chassis] clone <- https://github.com/apache/servicecomb-java-chassis.git
[apache/servicecomb-java-chassis] 候选方法（过滤后）: 4
[apache/servicecomb-java-chassis] 拒绝: 过 cutoff 候选不足（strict=0, relaxed=0）
[kymjs/KJFrameForAndroid] clone <- https://github.com/kymjs/KJFrameForAndroid.git
[kymjs/KJFrameForAndroid] 拒绝: 无 pom.xml（Gradle-only? gradle文件数=4）
[spring-projects/spring-session] clone <- https://github.com/spring-projects/spring-session.git
[spring-projects/spring-session] 拒绝: 无 pom.xml（Gradle-only? gradle文件数=56）
[fabric8io/docker-maven-plugin] clone <- https://github.com/fabric8io/docker-maven-plugin.git
[fabric8io/docker-maven-plugin] 候选方法（过滤后）: 0
[fabric8io/docker-maven-plugin] 拒绝: 过 cutoff 候选不足（strict=0, relaxed=0）
[LianjiaTech/retrofit-spring-boot-starter] clone <- https://github.com/LianjiaTech/retrofit-spring-boot-starter.git
[LianjiaTech/retrofit-spring-boot-starter] 候选方法（过滤后）: 0
[LianjiaTech/retrofit-spring-boot-starter] 拒绝: 过 cutoff 候选不足（strict=0, relaxed=0）
[selenide/selenide] clone <- https://github.com/selenide/selenide.git
[selenide/selenide] 拒绝: 无 pom.xml（Gradle-only? gradle文件数=26）
[ninjaframework/ninja] clone <- https://github.com/ninjaframework/ninja.git
[ninjaframework/ninja] 候选方法（过滤后）: 2
[ninjaframework/ninja] 拒绝: 过 cutoff 候选不足（strict=0, relaxed=0）
[googleads/googleads-mobile-android-examples] clone <- https://github.com/googleads/googleads-mobile-android-examples.git
[googleads/googleads-mobile-android-examples] 候选方法（过滤后）: 0
[googleads/googleads-mobile-android-examples] 拒绝: 过 cutoff 候选不足（strict=0, relaxed=0）
[jchambers/pushy] clone <- https://github.com/jchambers/pushy.git
[jchambers/pushy] 候选方法（过滤后）: 2
[jchambers/pushy] 拒绝: 过 cutoff 候选不足（strict=0, relaxed=0）
[langchain4j/langchain4j-examples] clone <- https://github.com/langchain4j/langchain4j-examples.git
[langchain4j/langchain4j-examples] 候选方法（过滤后）: 0
[langchain4j/langchain4j-examples] 拒绝: 过 cutoff 候选不足（strict=0, relaxed=0）
[spring-projects/spring-data-redis] clone <- https://github.com/spring-projects/spring-data-redis.git
[spring-projects/spring-data-redis] 拒绝: pom 中未声明 JUnit 依赖
[neo4j-contrib/neo4j-apoc-procedures] clone <- https://github.com/neo4j-contrib/neo4j-apoc-procedures.git
[neo4j-contrib/neo4j-apoc-procedures] 拒绝: 无 pom.xml（Gradle-only? gradle文件数=23）
[hcoles/pitest] clone <- https://github.com/hcoles/pitest.git
[hcoles/pitest] 候选方法（过滤后）: 0
[hcoles/pitest] 拒绝: 过 cutoff 候选不足（strict=0, relaxed=0）
[jbangdev/jbang] clone <- https://github.com/jbangdev/jbang.git
[jbangdev/jbang] 拒绝: pom 中未声明 JUnit 依赖
[pinterest/secor] clone <- https://github.com/pinterest/secor.git
[pinterest/secor] 拒绝: cutoff 2026-01-01 以来 src/main/java 零提交（主代码冻结）
[pinterest/teletraan] clone <- https://github.com/pinterest/teletraan.git
[pinterest/teletraan] 候选方法（过滤后）: 7
[pinterest/teletraan] 拒绝: 过 cutoff 候选不足（strict=3, relaxed=1）
[guchengwuyue/yshop-crm] clone <- https://github.com/guchengwuyue/yshop-crm.git
[guchengwuyue/yshop-crm] 拒绝: pom 中未声明 JUnit 依赖
[graphhopper/jsprit] clone <- https://github.com/graphhopper/jsprit.git
[graphhopper/jsprit] 候选方法（过滤后）: 5
[graphhopper/jsprit] 拒绝: 过 cutoff 候选不足（strict=0, relaxed=4）
[centic9/jgit-cookbook] clone <- https://github.com/centic9/jgit-cookbook.git
[centic9/jgit-cookbook] 候选方法（过滤后）: 0
[centic9/jgit-cookbook] 拒绝: 过 cutoff 候选不足（strict=0, relaxed=0）
[googlemaps/google-maps-services-java] clone <- https://github.com/googlemaps/google-maps-services-java.git
[googlemaps/google-maps-services-java] 拒绝: 无 pom.xml（Gradle-only? gradle文件数=2）
[datafaker-net/datafaker] clone <- https://github.com/datafaker-net/datafaker.git
[datafaker-net/datafaker] 候选方法（过滤后）: 0
[datafaker-net/datafaker] 拒绝: 过 cutoff 候选不足（strict=0, relaxed=0）
[linkedin/ambry] clone <- https://github.com/linkedin/ambry.git
[linkedin/ambry] 拒绝: 无 pom.xml（Gradle-only? gradle文件数=10）
[yangzongzhuan/RuoYi-Cloud] clone <- https://github.com/yangzongzhuan/RuoYi-Cloud.git
[yangzongzhuan/RuoYi-Cloud] 拒绝: pom 中未声明 JUnit 依赖
[embulk/embulk] clone <- https://github.com/embulk/embulk.git
[embulk/embulk] 拒绝: 无 pom.xml（Gradle-only? gradle文件数=7）
[jooby-project/jooby] clone <- https://github.com/jooby-project/jooby.git
[jooby-project/jooby] 候选方法（过滤后）: 24
[jooby-project/jooby] 接受: strict=6 relaxed=15 选用=6
[inulute/medium-unlocker] clone <- https://github.com/inulute/medium-unlocker.git
[inulute/medium-unlocker] 拒绝: 无 pom.xml（Gradle-only? gradle文件数=3）
[kairosdb/kairosdb] clone <- https://github.com/kairosdb/kairosdb.git
[kairosdb/kairosdb] 候选方法（过滤后）: 1
[kairosdb/kairosdb] 拒绝: 过 cutoff 候选不足（strict=0, relaxed=0）
[sqlancer/sqlancer] clone <- https://github.com/sqlancer/sqlancer.git
[sqlancer/sqlancer] 拒绝: cutoff 2026-01-01 以来 src/main/java 零提交（主代码冻结）
[apache/eventmesh] clone <- https://github.com/apache/eventmesh.git
[apache/eventmesh] 拒绝: 无 pom.xml（Gradle-only? gradle文件数=46）
[datastax/jvector] clone <- https://github.com/datastax/jvector.git
[datastax/jvector] 候选方法（过滤后）: 12
[datastax/jvector] 接受: strict=4 relaxed=3 选用=5
[ballcat-projects/ballcat] clone <- https://github.com/ballcat-projects/ballcat.git
[ballcat-projects/ballcat] 候选方法（过滤后）: 4
[ballcat-projects/ballcat] 拒绝: 过 cutoff 候选不足（strict=0, relaxed=3）
[apache/guacamole-client] clone <- https://github.com/apache/guacamole-client.git
[apache/guacamole-client] 候选方法（过滤后）: 1
[apache/guacamole-client] 拒绝: 过 cutoff 候选不足（strict=0, relaxed=0）
[x-ream/sqli] clone <- https://github.com/x-ream/sqli.git
[x-ream/sqli] 拒绝: pom 中未声明 JUnit 依赖
[google/adk-java] clone <- https://github.com/google/adk-java.git
[google/adk-java] 候选方法（过滤后）: 4
[google/adk-java] 拒绝: 过 cutoff 候选不足（strict=1, relaxed=2）
[controlsfx/controlsfx] clone <- https://github.com/controlsfx/controlsfx.git
[controlsfx/controlsfx] 拒绝: 无 pom.xml（Gradle-only? gradle文件数=6）
[morenoh149/react-native-contacts] clone <- https://github.com/morenoh149/react-native-contacts.git
[morenoh149/react-native-contacts] 拒绝: 无 pom.xml（Gradle-only? gradle文件数=4）
[dingodb/dingo] clone <- https://github.com/dingodb/dingo.git
[dingodb/dingo] 拒绝: 无 pom.xml（Gradle-only? gradle文件数=42）
[YeDaxia/JApiDocs] clone <- https://github.com/YeDaxia/JApiDocs.git
[YeDaxia/JApiDocs] 拒绝: 无 pom.xml（Gradle-only? gradle文件数=8）
[mateaix/matecloud] clone <- https://github.com/mateaix/matecloud.git
[mateaix/matecloud] 候选方法（过滤后）: 5
[mateaix/matecloud] 接受: strict=0 relaxed=5 选用=5
[Netflix/metacat] clone <- https://github.com/Netflix/metacat.git
[Netflix/metacat] 拒绝: 无 pom.xml（Gradle-only? gradle文件数=25）
[spring-projects/spring-data-mongodb] clone <- https://github.com/spring-projects/spring-data-mongodb.git
[spring-projects/spring-data-mongodb] 拒绝: pom 中未声明 JUnit 依赖
[bazaarvoice/jolt] clone <- https://github.com/bazaarvoice/jolt.git
[bazaarvoice/jolt] 拒绝: pom 中未声明 JUnit 依赖
[freeotp/freeotp-android] clone <- https://github.com/freeotp/freeotp-android.git
[freeotp/freeotp-android] 拒绝: 无 pom.xml（Gradle-only? gradle文件数=3）
[babyfish-ct/jimmer] clone <- https://github.com/babyfish-ct/jimmer.git
[babyfish-ct/jimmer] 拒绝: 无 pom.xml（Gradle-only? gradle文件数=32）
[j-easy/easy-random] clone <- https://github.com/j-easy/easy-random.git
[j-easy/easy-random] 候选方法（过滤后）: 0
[j-easy/easy-random] 拒绝: 过 cutoff 候选不足（strict=0, relaxed=0）
[sofastack/sofa-ark] clone <- https://github.com/sofastack/sofa-ark.git
[sofastack/sofa-ark] 候选方法（过滤后）: 2
[sofastack/sofa-ark] 拒绝: 过 cutoff 候选不足（strict=0, relaxed=0）
[kagkarlsson/db-scheduler] clone <- https://github.com/kagkarlsson/db-scheduler.git
[kagkarlsson/db-scheduler] 候选方法（过滤后）: 0
[kagkarlsson/db-scheduler] 拒绝: 过 cutoff 候选不足（strict=0, relaxed=0）
[cloudfoundry/uaa] clone <- https://github.com/cloudfoundry/uaa.git
[cloudfoundry/uaa] 拒绝: 无 pom.xml（Gradle-only? gradle文件数=9）
[spring-projects/spring-integration] clone <- https://github.com/spring-projects/spring-integration.git
[spring-projects/spring-integration] 拒绝: 无 pom.xml（Gradle-only? gradle文件数=49）
[ClickHouse/clickhouse-java] clone <- https://github.com/ClickHouse/clickhouse-java.git
[ClickHouse/clickhouse-java] 候选方法（过滤后）: 16
[ClickHouse/clickhouse-java] 接受: strict=3 relaxed=4 选用=5
[transistorsoft/react-native-background-fetch] clone <- https://github.com/transistorsoft/react-native-background-fetch.git
[transistorsoft/react-native-background-fetch] 拒绝: 无 pom.xml（Gradle-only? gradle文件数=1）
[dibo-software/diboot] clone <- https://github.com/dibo-software/diboot.git
[dibo-software/diboot] 候选方法（过滤后）: 8
[dibo-software/diboot] 拒绝: 过 cutoff 候选不足（strict=1, relaxed=0）
[apache/opennlp] clone <- https://github.com/apache/opennlp.git
[apache/opennlp] 候选方法（过滤后）: 22
[apache/opennlp] 接受: strict=4 relaxed=2 选用=5
[spring-projects/spring-graphql] clone <- https://github.com/spring-projects/spring-graphql.git
[spring-projects/spring-graphql] 拒绝: 无 pom.xml（Gradle-only? gradle文件数=9）
[knowm/XChart] clone <- https://github.com/knowm/XChart.git
[knowm/XChart] 候选方法（过滤后）: 6
[knowm/XChart] 接受: strict=4 relaxed=1 选用=5
[ReaJason/MemShellParty] clone <- https://github.com/ReaJason/MemShellParty.git
[ReaJason/MemShellParty] 拒绝: pom 中未声明 JUnit 依赖
[siddhi-io/siddhi] clone <- https://github.com/siddhi-io/siddhi.git
[siddhi-io/siddhi] 拒绝: pom 中未声明 JUnit 依赖
[dromara/easy-es] clone <- https://github.com/dromara/easy-es.git
[dromara/easy-es] 候选方法（过滤后）: 0
[dromara/easy-es] 拒绝: 过 cutoff 候选不足（strict=0, relaxed=0）
[shibing624/similarity] clone <- https://github.com/shibing624/similarity.git
[shibing624/similarity] 拒绝: cutoff 2026-01-01 以来 src/main/java 零提交（主代码冻结）
[rkkr/simple-keyboard] clone <- https://github.com/rkkr/simple-keyboard.git
[rkkr/simple-keyboard] 拒绝: 无 pom.xml（Gradle-only? gradle文件数=3）
[javers/javers] clone <- https://github.com/javers/javers.git
[javers/javers] 拒绝: 无 pom.xml（Gradle-only? gradle文件数=12）
[javiersantos/PiracyChecker] clone <- https://github.com/javiersantos/PiracyChecker.git
[javiersantos/PiracyChecker] 拒绝: 无 pom.xml（Gradle-only? gradle文件数=4）
[OWASP/crAPI] clone <- https://github.com/OWASP/crAPI.git
[OWASP/crAPI] 拒绝: 无 pom.xml（Gradle-only? gradle文件数=2）
[aws/serverless-java-container] clone <- https://github.com/aws/serverless-java-container.git
[aws/serverless-java-container] 候选方法（过滤后）: 1
[aws/serverless-java-container] 拒绝: 过 cutoff 候选不足（strict=0, relaxed=0）
[java-diff-utils/java-diff-utils] clone <- https://github.com/java-diff-utils/java-diff-utils.git
[java-diff-utils/java-diff-utils] 候选方法（过滤后）: 0
[java-diff-utils/java-diff-utils] 拒绝: 过 cutoff 候选不足（strict=0, relaxed=0）
[microsoft/playwright-java] clone <- https://github.com/microsoft/playwright-java.git
[microsoft/playwright-java] 候选方法（过滤后）: 1
[microsoft/playwright-java] 拒绝: 过 cutoff 候选不足（strict=0, relaxed=0）
[apache/httpcomponents-client] clone <- https://github.com/apache/httpcomponents-client.git
[apache/httpcomponents-client] 候选方法（过滤后）: 27
[apache/httpcomponents-client] 接受: strict=6 relaxed=9 选用=6
[ebean-orm/ebean] clone <- https://github.com/ebean-orm/ebean.git
[ebean-orm/ebean] 候选方法（过滤后）: 4
[ebean-orm/ebean] 拒绝: 过 cutoff 候选不足（strict=0, relaxed=2）
[gradle/gradle-profiler] clone <- https://github.com/gradle/gradle-profiler.git
[gradle/gradle-profiler] 拒绝: pom 中未声明 JUnit 依赖
[limedroid/XDroidMvp] clone <- https://github.com/limedroid/XDroidMvp.git
[limedroid/XDroidMvp] 拒绝: 无 pom.xml（Gradle-only? gradle文件数=6）
[yulichang/mybatis-plus-join] clone <- https://github.com/yulichang/mybatis-plus-join.git
[yulichang/mybatis-plus-join] 拒绝: pom 中未声明 JUnit 依赖
[o19s/elasticsearch-learning-to-rank] clone <- https://github.com/o19s/elasticsearch-learning-to-rank.git
[o19s/elasticsearch-learning-to-rank] 拒绝: 无 pom.xml（Gradle-only? gradle文件数=3）
[overspace-labs/CaA] clone <- https://github.com/overspace-labs/CaA.git
[overspace-labs/CaA] 拒绝: 无 pom.xml（Gradle-only? gradle文件数=2）
[NLPchina/nlp-lang] clone <- https://github.com/NLPchina/nlp-lang.git
[NLPchina/nlp-lang] 拒绝: cutoff 2026-01-01 以来 src/main/java 零提交（主代码冻结）
[vladmihalcea/high-performance-java-persistence] clone <- https://github.com/vladmihalcea/high-performance-java-persistence.git
[vladmihalcea/high-performance-java-persistence] 候选方法（过滤后）: 0
[vladmihalcea/high-performance-java-persistence] 拒绝: 过 cutoff 候选不足（strict=0, relaxed=0）
[apache/inlong] clone <- https://github.com/apache/inlong.git
[apache/inlong] 候选方法（过滤后）: 71
[apache/inlong] 接受: strict=2 relaxed=4 选用=5
[AutohomeCorp/frostmourne] clone <- https://github.com/AutohomeCorp/frostmourne.git
[AutohomeCorp/frostmourne] 拒绝: cutoff 2026-01-01 以来 src/main/java 零提交（主代码冻结）
[google/flogger] clone <- https://github.com/google/flogger.git
[google/flogger] 拒绝: 无 pom.xml（Gradle-only? gradle文件数=0）
[apache/ratis] clone <- https://github.com/apache/ratis.git
[apache/ratis] 候选方法（过滤后）: 0
[apache/ratis] 拒绝: 过 cutoff 候选不足（strict=0, relaxed=0）
[msgpack/msgpack-java] clone <- https://github.com/msgpack/msgpack-java.git
[msgpack/msgpack-java] 拒绝: 无 pom.xml（Gradle-only? gradle文件数=0）
[spring-guides/gs-rest-service] clone <- https://github.com/spring-guides/gs-rest-service.git
[spring-guides/gs-rest-service] 拒绝: pom 中未声明 JUnit 依赖
[googleapis/google-api-java-client] clone <- https://github.com/googleapis/google-api-java-client.git
[googleapis/google-api-java-client] 候选方法（过滤后）: 0
[googleapis/google-api-java-client] 拒绝: 过 cutoff 候选不足（strict=0, relaxed=0）
[Netflix/mantis] clone <- https://github.com/Netflix/mantis.git
[Netflix/mantis] 拒绝: 无 pom.xml（Gradle-only? gradle文件数=43）
[ModelEngine-Group/app-platform] clone <- https://github.com/ModelEngine-Group/app-platform.git
[ModelEngine-Group/app-platform] 候选方法（过滤后）: 0
[ModelEngine-Group/app-platform] 拒绝: 过 cutoff 候选不足（strict=0, relaxed=0）
[dadoonet/fscrawler] clone <- https://github.com/dadoonet/fscrawler.git
[dadoonet/fscrawler] 候选方法（过滤后）: 2
[dadoonet/fscrawler] 拒绝: 过 cutoff 候选不足（strict=1, relaxed=1）
[ff4j/ff4j] clone <- https://github.com/ff4j/ff4j.git
[ff4j/ff4j] 候选方法（过滤后）: 0
[ff4j/ff4j] 拒绝: 过 cutoff 候选不足（strict=0, relaxed=0）
[GoogleCloudPlatform/bank-of-anthos] clone <- https://github.com/GoogleCloudPlatform/bank-of-anthos.git
[GoogleCloudPlatform/bank-of-anthos] 拒绝: cutoff 2026-01-01 以来 src/main/java 零提交（主代码冻结）
[googleapis/google-http-java-client] clone <- https://github.com/googleapis/google-http-java-client.git
[googleapis/google-http-java-client] 候选方法（过滤后）: 7
[googleapis/google-http-java-client] 拒绝: 过 cutoff 候选不足（strict=0, relaxed=0）
[wgzhao/Addax] clone <- https://github.com/wgzhao/Addax.git
[wgzhao/Addax] 拒绝: pom 中未声明 JUnit 依赖
[bootique/bootique] clone <- https://github.com/bootique/bootique.git
[bootique/bootique] 候选方法（过滤后）: 0
[bootique/bootique] 拒绝: 过 cutoff 候选不足（strict=0, relaxed=0）
[opendatadiscovery/odd-platform] clone <- https://github.com/opendatadiscovery/odd-platform.git
[opendatadiscovery/odd-platform] 拒绝: 无 pom.xml（Gradle-only? gradle文件数=7）
[yinwang0/pysonar2] clone <- https://github.com/yinwang0/pysonar2.git
[yinwang0/pysonar2] 拒绝: cutoff 2026-01-01 以来 src/main/java 零提交（主代码冻结）
[oracle/tribuo] clone <- https://github.com/oracle/tribuo.git
[oracle/tribuo] 候选方法（过滤后）: 23
[oracle/tribuo] 拒绝: 过 cutoff 候选不足（strict=0, relaxed=2）
[google/conscrypt] clone <- https://github.com/google/conscrypt.git
[google/conscrypt] 拒绝: 无 pom.xml（Gradle-only? gradle文件数=19）
[Stonewuu/ai-fusion-video] clone <- https://github.com/Stonewuu/ai-fusion-video.git
[Stonewuu/ai-fusion-video] 拒绝: pom 中未声明 JUnit 依赖
[mkpaz/atlantafx] clone <- https://github.com/mkpaz/atlantafx.git
[mkpaz/atlantafx] 候选方法（过滤后）: 2
[mkpaz/atlantafx] 拒绝: 过 cutoff 候选不足（strict=0, relaxed=2）
[SlimeKnights/TinkersConstruct] clone <- https://github.com/SlimeKnights/TinkersConstruct.git
[SlimeKnights/TinkersConstruct] 拒绝: 无 pom.xml（Gradle-only? gradle文件数=2）
[hehonghui/Colorful] clone <- https://github.com/hehonghui/Colorful.git
[hehonghui/Colorful] 拒绝: 无 pom.xml（Gradle-only? gradle文件数=4）
[troyzhxu/bean-searcher] clone <- https://github.com/troyzhxu/bean-searcher.git
[troyzhxu/bean-searcher] 候选方法（过滤后）: 2
[troyzhxu/bean-searcher] 拒绝: 过 cutoff 候选不足（strict=0, relaxed=0）
[apache/rocketmq-dashboard] clone <- https://github.com/apache/rocketmq-dashboard.git
[apache/rocketmq-dashboard] 拒绝: cutoff 2026-01-01 以来 src/main/java 零提交（主代码冻结）
[zeroturnaround/zt-zip] clone <- https://github.com/zeroturnaround/zt-zip.git
[zeroturnaround/zt-zip] 拒绝: 无 pom.xml（Gradle-only? gradle文件数=2）
[apache/cassandra-java-driver] clone <- https://github.com/apache/cassandra-java-driver.git
[apache/cassandra-java-driver] 候选方法（过滤后）: 17
[apache/cassandra-java-driver] 拒绝: 过 cutoff 候选不足（strict=0, relaxed=0）
[google/j2cl] clone <- https://github.com/google/j2cl.git
[google/j2cl] 拒绝: 无 pom.xml（Gradle-only? gradle文件数=0）
[datavane/tis] clone <- https://github.com/datavane/tis.git
[datavane/tis] 候选方法（过滤后）: 15
[datavane/tis] 拒绝: 过 cutoff 候选不足（strict=1, relaxed=0）
[getmoneynote/moneynote-api] clone <- https://github.com/getmoneynote/moneynote-api.git
[getmoneynote/moneynote-api] 拒绝: 无 pom.xml（Gradle-only? gradle文件数=2）
[AnghelLeonard/Hibernate-SpringBoot] clone <- https://github.com/AnghelLeonard/Hibernate-SpringBoot.git
[AnghelLeonard/Hibernate-SpringBoot] 拒绝: pom 中未声明 JUnit 依赖
[wimoor-erp/wimoor] clone <- https://github.com/wimoor-erp/wimoor.git
[wimoor-erp/wimoor] 候选方法（过滤后）: 207
[wimoor-erp/wimoor] 接受: strict=40 relaxed=37 选用=20
[Netflix/hollow] clone <- https://github.com/Netflix/hollow.git
[Netflix/hollow] 拒绝: 无 pom.xml（Gradle-only? gradle文件数=12）
[moyangzhan/langchain4j-aideepin] clone <- https://github.com/moyangzhan/langchain4j-aideepin.git
[moyangzhan/langchain4j-aideepin] 拒绝: pom 中未声明 JUnit 依赖
[apache/struts] clone <- https://github.com/apache/struts.git
[apache/struts] 候选方法（过滤后）: 18
[apache/struts] 接受: strict=1 relaxed=5 选用=5
[Endava/cats] clone <- https://github.com/Endava/cats.git
[Endava/cats] 拒绝: pom 中未声明 JUnit 依赖
[glowroot/glowroot] clone <- https://github.com/glowroot/glowroot.git
[glowroot/glowroot] 候选方法（过滤后）: 6
[glowroot/glowroot] 拒绝: 过 cutoff 候选不足（strict=0, relaxed=1）
[sermant-io/Sermant] clone <- https://github.com/sermant-io/Sermant.git
[sermant-io/Sermant] 候选方法（过滤后）: 0
[sermant-io/Sermant] 拒绝: 过 cutoff 候选不足（strict=0, relaxed=0）
[cuba-platform/cuba] clone <- https://github.com/cuba-platform/cuba.git
[cuba-platform/cuba] 拒绝: 无 pom.xml（Gradle-only? gradle文件数=2）
[warmuuh/milkman] clone <- https://github.com/warmuuh/milkman.git
[warmuuh/milkman] 候选方法（过滤后）: 1
[warmuuh/milkman] 拒绝: 过 cutoff 候选不足（strict=0, relaxed=0）
[joey-zhou/xiaozhi-esp32-server-java] clone <- https://github.com/joey-zhou/xiaozhi-esp32-server-java.git
[joey-zhou/xiaozhi-esp32-server-java] 候选方法（过滤后）: 5
[joey-zhou/xiaozhi-esp32-server-java] 拒绝: 过 cutoff 候选不足（strict=1, relaxed=2）
[treasure-data/digdag] clone <- https://github.com/treasure-data/digdag.git
[treasure-data/digdag] 拒绝: 无 pom.xml（Gradle-only? gradle文件数=18）
[rstyro/Springboot] clone <- https://github.com/rstyro/Springboot.git
[rstyro/Springboot] 候选方法（过滤后）: 0
[rstyro/Springboot] 拒绝: 过 cutoff 候选不足（strict=0, relaxed=0）
[0x727/BypassPro] clone <- https://github.com/0x727/BypassPro.git
[0x727/BypassPro] 候选方法（过滤后）: 2
[0x727/BypassPro] 拒绝: 过 cutoff 候选不足（strict=0, relaxed=2）
[cfig/Android_boot_image_editor] clone <- https://github.com/cfig/Android_boot_image_editor.git
[cfig/Android_boot_image_editor] 拒绝: 无 pom.xml（Gradle-only? gradle文件数=20）
[sirthias/parboiled] clone <- https://github.com/sirthias/parboiled.git
[sirthias/parboiled] 拒绝: 无 pom.xml（Gradle-only? gradle文件数=0）
[spring-cloud/spring-cloud-openfeign] clone <- https://github.com/spring-cloud/spring-cloud-openfeign.git
[spring-cloud/spring-cloud-openfeign] 拒绝: pom 中未声明 JUnit 依赖
[GoogleCloudPlatform/DataflowTemplates] clone <- https://github.com/GoogleCloudPlatform/DataflowTemplates.git
[GoogleCloudPlatform/DataflowTemplates] 候选方法（过滤后）: 36
[GoogleCloudPlatform/DataflowTemplates] 接受: strict=10 relaxed=11 选用=10
[minio/minio-java] clone <- https://github.com/minio/minio-java.git
[minio/minio-java] 拒绝: 无 pom.xml（Gradle-only? gradle文件数=2）
[dromara/orion-visor] clone <- https://github.com/dromara/orion-visor.git
[dromara/orion-visor] 拒绝: pom 中未声明 JUnit 依赖
[microsoft/gctoolkit] clone <- https://github.com/microsoft/gctoolkit.git
[microsoft/gctoolkit] 候选方法（过滤后）: 0
[microsoft/gctoolkit] 拒绝: 过 cutoff 候选不足（strict=0, relaxed=0）
[bbottema/simple-java-mail] clone <- https://github.com/bbottema/simple-java-mail.git
[bbottema/simple-java-mail] 候选方法（过滤后）: 3
[bbottema/simple-java-mail] 拒绝: 过 cutoff 候选不足（strict=1, relaxed=2）
[dromara/SMS4J] clone <- https://github.com/dromara/SMS4J.git
[dromara/SMS4J] 拒绝: pom 中未声明 JUnit 依赖
[eazybytes/microservices] clone <- https://github.com/eazybytes/microservices.git
[eazybytes/microservices] 拒绝: pom 中未声明 JUnit 依赖
[hibernate/hibernate-validator] clone <- https://github.com/hibernate/hibernate-validator.git
[hibernate/hibernate-validator] 候选方法（过滤后）: 3
[hibernate/hibernate-validator] 拒绝: 过 cutoff 候选不足（strict=0, relaxed=0）
[hub4j/github-api] clone <- https://github.com/hub4j/github-api.git
[hub4j/github-api] 候选方法（过滤后）: 0
[hub4j/github-api] 拒绝: 过 cutoff 候选不足（strict=0, relaxed=0）
[JetBrains/xodus] clone <- https://github.com/JetBrains/xodus.git
[JetBrains/xodus] 拒绝: 无 pom.xml（Gradle-only? gradle文件数=14）
[mamiiblt/instafel] clone <- https://github.com/mamiiblt/instafel.git
[mamiiblt/instafel] 拒绝: 无 pom.xml（Gradle-only? gradle文件数=10）
[CodeIntelligenceTesting/jazzer] clone <- https://github.com/CodeIntelligenceTesting/jazzer.git
[CodeIntelligenceTesting/jazzer] 候选方法（过滤后）: 4
[CodeIntelligenceTesting/jazzer] 拒绝: 过 cutoff 候选不足（strict=1, relaxed=1）
[wayn111/waynboot-mall] clone <- https://github.com/wayn111/waynboot-mall.git
[wayn111/waynboot-mall] 候选方法（过滤后）: 2
[wayn111/waynboot-mall] 拒绝: 过 cutoff 候选不足（strict=0, relaxed=0）
[bobbylight/RSyntaxTextArea] clone <- https://github.com/bobbylight/RSyntaxTextArea.git
[bobbylight/RSyntaxTextArea] 拒绝: 无 pom.xml（Gradle-only? gradle文件数=4）
[TDuckCloud/tduck-survey-form] clone <- https://github.com/TDuckCloud/tduck-survey-form.git
[TDuckCloud/tduck-survey-form] 拒绝: pom 中未声明 JUnit 依赖
[jreleaser/jreleaser] clone <- https://github.com/jreleaser/jreleaser.git
[jreleaser/jreleaser] 拒绝: 无 pom.xml（Gradle-only? gradle文件数=64）
[wakatime/jetbrains-wakatime] clone <- https://github.com/wakatime/jetbrains-wakatime.git
[wakatime/jetbrains-wakatime] 拒绝: 无 pom.xml（Gradle-only? gradle文件数=0）
[KreitinnSoftware/MiceWine-Application] clone <- https://github.com/KreitinnSoftware/MiceWine-Application.git
[KreitinnSoftware/MiceWine-Application] 拒绝: 无 pom.xml（Gradle-only? gradle文件数=3）
[android/android-test] clone <- https://github.com/android/android-test.git
[android/android-test] 拒绝: 无 pom.xml（Gradle-only? gradle文件数=10）
[vojtechhabarta/typescript-generator] clone <- https://github.com/vojtechhabarta/typescript-generator.git
[vojtechhabarta/typescript-generator] 候选方法（过滤后）: 3
[vojtechhabarta/typescript-generator] 拒绝: 过 cutoff 候选不足（strict=2, relaxed=1）
[testsigmahq/testsigma] clone <- https://github.com/testsigmahq/testsigma.git
[testsigmahq/testsigma] 拒绝: pom 中未声明 JUnit 依赖
[apache/incubator-xtable] clone <- https://github.com/apache/incubator-xtable.git
[apache/incubator-xtable] 候选方法（过滤后）: 2
[apache/incubator-xtable] 拒绝: 过 cutoff 候选不足（strict=1, relaxed=0）
[jhipster/prettier-java] clone <- https://github.com/jhipster/prettier-java.git
[jhipster/prettier-java] 拒绝: 无 pom.xml（Gradle-only? gradle文件数=0）
[didi/turbo] clone <- https://github.com/didi/turbo.git
[didi/turbo] 候选方法（过滤后）: 0
[didi/turbo] 拒绝: 过 cutoff 候选不足（strict=0, relaxed=0）
[dromara/tianai-captcha] clone <- https://github.com/dromara/tianai-captcha.git
[dromara/tianai-captcha] 拒绝: pom 中未声明 JUnit 依赖
[hivemq/hivemq-community-edition] clone <- https://github.com/hivemq/hivemq-community-edition.git
[hivemq/hivemq-community-edition] 拒绝: 无 pom.xml（Gradle-only? gradle文件数=2）
[jenkinsci/jenkinsfile-runner] clone <- https://github.com/jenkinsci/jenkinsfile-runner.git
[jenkinsci/jenkinsfile-runner] 候选方法（过滤后）: 0
[jenkinsci/jenkinsfile-runner] 拒绝: 过 cutoff 候选不足（strict=0, relaxed=0）
[mvel/mvel] clone <- https://github.com/mvel/mvel.git
[mvel/mvel] 候选方法（过滤后）: 7
[mvel/mvel] 拒绝: 过 cutoff 候选不足（strict=1, relaxed=1）
[fusesource/jansi] clone <- https://github.com/fusesource/jansi.git
[fusesource/jansi] 候选方法（过滤后）: 3
[fusesource/jansi] 拒绝: 过 cutoff 候选不足（strict=0, relaxed=0）
[influxdata/influxdb-java] clone <- https://github.com/influxdata/influxdb-java.git
[influxdata/influxdb-java] 候选方法（过滤后）: 2
[influxdata/influxdb-java] 拒绝: 过 cutoff 候选不足（strict=0, relaxed=1）
[PebbleTemplates/pebble] clone <- https://github.com/PebbleTemplates/pebble.git
[PebbleTemplates/pebble] 候选方法（过滤后）: 1
[PebbleTemplates/pebble] 拒绝: 过 cutoff 候选不足（strict=0, relaxed=0）
[castorini/anserini] clone <- https://github.com/castorini/anserini.git
[castorini/anserini] 候选方法（过滤后）: 5
[castorini/anserini] 拒绝: 过 cutoff 候选不足（strict=0, relaxed=2）
[pedrovgs/Renderers] clone <- https://github.com/pedrovgs/Renderers.git
[pedrovgs/Renderers] 拒绝: 无 pom.xml（Gradle-only? gradle文件数=4）
[Lihuanghe/SMSGate] clone <- https://github.com/Lihuanghe/SMSGate.git
[Lihuanghe/SMSGate] 候选方法（过滤后）: 1
[Lihuanghe/SMSGate] 拒绝: 过 cutoff 候选不足（strict=0, relaxed=0）
[adorsys/keycloak-config-cli] clone <- https://github.com/adorsys/keycloak-config-cli.git
[adorsys/keycloak-config-cli] 候选方法（过滤后）: 0
[adorsys/keycloak-config-cli] 拒绝: 过 cutoff 候选不足（strict=0, relaxed=0）
[spring-projects/spring-restdocs] clone <- https://github.com/spring-projects/spring-restdocs.git
[spring-projects/spring-restdocs] 拒绝: 无 pom.xml（Gradle-only? gradle文件数=15）
[spring-projects/spring-modulith] clone <- https://github.com/spring-projects/spring-modulith.git
[spring-projects/spring-modulith] 候选方法（过滤后）: 0
[spring-projects/spring-modulith] 拒绝: 过 cutoff 候选不足（strict=0, relaxed=0）
[ctongfei/progressbar] clone <- https://github.com/ctongfei/progressbar.git
[ctongfei/progressbar] 候选方法（过滤后）: 0
[ctongfei/progressbar] 拒绝: 过 cutoff 候选不足（strict=0, relaxed=0）
[SpongePowered/SpongeAPI] clone <- https://github.com/SpongePowered/SpongeAPI.git
[SpongePowered/SpongeAPI] 拒绝: 无 pom.xml（Gradle-only? gradle文件数=2）
[apache/amoro] clone <- https://github.com/apache/amoro.git
[apache/amoro] 候选方法（过滤后）: 11
[apache/amoro] 拒绝: 过 cutoff 候选不足（strict=2, relaxed=2）
[aaberg/sql2o] clone <- https://github.com/aaberg/sql2o.git
[aaberg/sql2o] 候选方法（过滤后）: 0
[aaberg/sql2o] 拒绝: 过 cutoff 候选不足（strict=0, relaxed=0）
[trekawek/coffee-gb] clone <- https://github.com/trekawek/coffee-gb.git
[trekawek/coffee-gb] 候选方法（过滤后）: 28
[trekawek/coffee-gb] 接受: strict=9 relaxed=19 选用=9
[etcd-io/jetcd] clone <- https://github.com/etcd-io/jetcd.git
[etcd-io/jetcd] 拒绝: 无 pom.xml（Gradle-only? gradle文件数=16）
[mattprecious/telescope] clone <- https://github.com/mattprecious/telescope.git
[mattprecious/telescope] 拒绝: 无 pom.xml（Gradle-only? gradle文件数=4）
[instancio/instancio] clone <- https://github.com/instancio/instancio.git
[instancio/instancio] 候选方法（过滤后）: 0
[instancio/instancio] 拒绝: 过 cutoff 候选不足（strict=0, relaxed=0）
[mybatis/mybatis-dynamic-sql] clone <- https://github.com/mybatis/mybatis-dynamic-sql.git
[mybatis/mybatis-dynamic-sql] 候选方法（过滤后）: 0
[mybatis/mybatis-dynamic-sql] 拒绝: 过 cutoff 候选不足（strict=0, relaxed=0）
[gitlab4j/gitlab4j-api] clone <- https://github.com/gitlab4j/gitlab4j-api.git
[gitlab4j/gitlab4j-api] 拒绝: 无 pom.xml（Gradle-only? gradle文件数=4）
[vert-x3/vertx-web] clone <- https://github.com/vert-x3/vertx-web.git
[vert-x3/vertx-web] 拒绝: pom 中未声明 JUnit 依赖
[resteasy/resteasy] clone <- https://github.com/resteasy/resteasy.git
[resteasy/resteasy] 候选方法（过滤后）: 20
[resteasy/resteasy] 拒绝: 过 cutoff 候选不足（strict=0, relaxed=1）
[davidmoten/rtree] clone <- https://github.com/davidmoten/rtree.git
[davidmoten/rtree] 拒绝: cutoff 2026-01-01 以来 src/main/java 零提交（主代码冻结）
[yangzongzhuan/RuoYi-Vue-fast] clone <- https://github.com/yangzongzhuan/RuoYi-Vue-fast.git
[yangzongzhuan/RuoYi-Vue-fast] 拒绝: pom 中未声明 JUnit 依赖
[casid/jte] clone <- https://github.com/casid/jte.git
[casid/jte] 候选方法（过滤后）: 2
[casid/jte] 拒绝: 过 cutoff 候选不足（strict=0, relaxed=1）
[microsoft/mssql-jdbc] clone <- https://github.com/microsoft/mssql-jdbc.git
[microsoft/mssql-jdbc] 候选方法（过滤后）: 37
[microsoft/mssql-jdbc] 接受: strict=10 relaxed=7 选用=10
[dylibso/chicory] clone <- https://github.com/dylibso/chicory.git
[dylibso/chicory] 候选方法（过滤后）: 12
[dylibso/chicory] 接受: strict=6 relaxed=3 选用=6
[marcosbarbero/spring-cloud-zuul-ratelimit] clone <- https://github.com/marcosbarbero/spring-cloud-zuul-ratelimit.git
[marcosbarbero/spring-cloud-zuul-ratelimit] 拒绝: cutoff 2026-01-01 以来 src/main/java 零提交（主代码冻结）
[codelibs/fess] clone <- https://github.com/codelibs/fess.git
[codelibs/fess] 候选方法（过滤后）: 43
[codelibs/fess] 接受: strict=16 relaxed=17 选用=16
[sofastack/sofa-tracer] clone <- https://github.com/sofastack/sofa-tracer.git
[sofastack/sofa-tracer] 候选方法（过滤后）: 1
[sofastack/sofa-tracer] 拒绝: 过 cutoff 候选不足（strict=0, relaxed=0）
[ArcadeData/arcadedb] clone <- https://github.com/ArcadeData/arcadedb.git
[ArcadeData/arcadedb] 候选方法（过滤后）: 232
[ArcadeData/arcadedb] 1 个方法 blame 失败被跳过
[ArcadeData/arcadedb] 接受: strict=46 relaxed=159 选用=20
[awspring/spring-cloud-aws] clone <- https://github.com/awspring/spring-cloud-aws.git
[awspring/spring-cloud-aws] 候选方法（过滤后）: 2
[awspring/spring-cloud-aws] 拒绝: 过 cutoff 候选不足（strict=0, relaxed=0）
[hivemq/hivemq-mqtt-client] clone <- https://github.com/hivemq/hivemq-mqtt-client.git
[hivemq/hivemq-mqtt-client] 拒绝: 无 pom.xml（Gradle-only? gradle文件数=8）
[nageoffer/congomall] clone <- https://github.com/nageoffer/congomall.git
[nageoffer/congomall] 拒绝: cutoff 2026-01-01 以来 src/main/java 零提交（主代码冻结）
[camunda/camunda-bpm-examples] clone <- https://github.com/camunda/camunda-bpm-examples.git
[camunda/camunda-bpm-examples] 拒绝: cutoff 2026-01-01 以来 src/main/java 零提交（主代码冻结）
[apache/freemarker] clone <- https://github.com/apache/freemarker.git
[apache/freemarker] 拒绝: 无 pom.xml（Gradle-only? gradle文件数=6）
[outlaws-bai/Galaxy] clone <- https://github.com/outlaws-bai/Galaxy.git
[outlaws-bai/Galaxy] 拒绝: 无 pom.xml（Gradle-only? gradle文件数=2）
[shmuelzon/home-assistant-floor-plan] clone <- https://github.com/shmuelzon/home-assistant-floor-plan.git
[shmuelzon/home-assistant-floor-plan] 拒绝: 无 pom.xml（Gradle-only? gradle文件数=0）
[leangen/graphql-spqr] clone <- https://github.com/leangen/graphql-spqr.git
[leangen/graphql-spqr] 候选方法（过滤后）: 0
[leangen/graphql-spqr] 拒绝: 过 cutoff 候选不足（strict=0, relaxed=0）
[Multiverse/Multiverse-Core] clone <- https://github.com/Multiverse/Multiverse-Core.git
[Multiverse/Multiverse-Core] 拒绝: 无 pom.xml（Gradle-only? gradle文件数=2）
[NEZNAMY/TAB] clone <- https://github.com/NEZNAMY/TAB.git
[NEZNAMY/TAB] 拒绝: 无 pom.xml（Gradle-only? gradle文件数=46）
[pgjdbc/r2dbc-postgresql] clone <- https://github.com/pgjdbc/r2dbc-postgresql.git
[pgjdbc/r2dbc-postgresql] 候选方法（过滤后）: 1
[pgjdbc/r2dbc-postgresql] 拒绝: 过 cutoff 候选不足（strict=0, relaxed=0）
[OpenAPITools/openapi-diff] clone <- https://github.com/OpenAPITools/openapi-diff.git
[OpenAPITools/openapi-diff] 候选方法（过滤后）: 3
[OpenAPITools/openapi-diff] 拒绝: 过 cutoff 候选不足（strict=1, relaxed=1）
[apache/mina-sshd] clone <- https://github.com/apache/mina-sshd.git
[apache/mina-sshd] 候选方法（过滤后）: 33
[apache/mina-sshd] 拒绝: 过 cutoff 候选不足（strict=1, relaxed=3）
[spring-projects/spring-hateoas] clone <- https://github.com/spring-projects/spring-hateoas.git
[spring-projects/spring-hateoas] 候选方法（过滤后）: 1
[spring-projects/spring-hateoas] 拒绝: 过 cutoff 候选不足（strict=0, relaxed=1）
[kingston-csj/jforgame] clone <- https://github.com/kingston-csj/jforgame.git
[kingston-csj/jforgame] 候选方法（过滤后）: 2
[kingston-csj/jforgame] 拒绝: 过 cutoff 候选不足（strict=0, relaxed=2）
[xerial/snappy-java] clone <- https://github.com/xerial/snappy-java.git
[xerial/snappy-java] 拒绝: 无 pom.xml（Gradle-only? gradle文件数=0）
[apache/commons-io] clone <- https://github.com/apache/commons-io.git
[apache/commons-io] 候选方法（过滤后）: 4
[apache/commons-io] 拒绝: 过 cutoff 候选不足（strict=0, relaxed=2）
[networknt/json-schema-validator] clone <- https://github.com/networknt/json-schema-validator.git
[networknt/json-schema-validator] 候选方法（过滤后）: 7
[networknt/json-schema-validator] 拒绝: 过 cutoff 候选不足（strict=0, relaxed=0）
[dnsjava/dnsjava] clone <- https://github.com/dnsjava/dnsjava.git
[dnsjava/dnsjava] 候选方法（过滤后）: 17
[dnsjava/dnsjava] 拒绝: 过 cutoff 候选不足（strict=0, relaxed=0）
[hiparker/opsli-boot] clone <- https://github.com/hiparker/opsli-boot.git
[hiparker/opsli-boot] 拒绝: pom 中未声明 JUnit 依赖
[mateaix/mateclaw] clone <- https://github.com/mateaix/mateclaw.git
[mateaix/mateclaw] 候选方法（过滤后）: 82
[mateaix/mateclaw] 接受: strict=23 relaxed=59 选用=20
[belaban/JGroups] clone <- https://github.com/belaban/JGroups.git
[belaban/JGroups] 拒绝: pom 中未声明 JUnit 依赖
[zalando/problem-spring-web] clone <- https://github.com/zalando/problem-spring-web.git
[zalando/problem-spring-web] 拒绝: cutoff 2026-01-01 以来 src/main/java 零提交（主代码冻结）
[spring-cloud/spring-cloud-stream] clone <- https://github.com/spring-cloud/spring-cloud-stream.git
[spring-cloud/spring-cloud-stream] 候选方法（过滤后）: 4
[spring-cloud/spring-cloud-stream] 拒绝: 过 cutoff 候选不足（strict=0, relaxed=1）
[FasterXML/jackson-annotations] clone <- https://github.com/FasterXML/jackson-annotations.git
[FasterXML/jackson-annotations] 候选方法（过滤后）: 0
[FasterXML/jackson-annotations] 拒绝: 过 cutoff 候选不足（strict=0, relaxed=0）
[spring-cloud/spring-cloud-function] clone <- https://github.com/spring-cloud/spring-cloud-function.git
[spring-cloud/spring-cloud-function] 候选方法（过滤后）: 3
[spring-cloud/spring-cloud-function] 拒绝: 过 cutoff 候选不足（strict=0, relaxed=3）
[java-up-up/damai] clone <- https://github.com/java-up-up/damai.git
[java-up-up/damai] 候选方法（过滤后）: 2
[java-up-up/damai] 拒绝: 过 cutoff 候选不足（strict=0, relaxed=0）
[apache/celeborn] clone <- https://github.com/apache/celeborn.git
[apache/celeborn] 候选方法（过滤后）: 5
[apache/celeborn] 拒绝: 过 cutoff 候选不足（strict=2, relaxed=0）
[qqxx6661/log-record] clone <- https://github.com/qqxx6661/log-record.git
[qqxx6661/log-record] 拒绝: pom 中未声明 JUnit 依赖
[gavlyukovskiy/spring-boot-data-source-decorator] clone <- https://github.com/gavlyukovskiy/spring-boot-data-source-decorator.git
[gavlyukovskiy/spring-boot-data-source-decorator] 拒绝: 无 pom.xml（Gradle-only? gradle文件数=9）
[apache/phoenix] clone <- https://github.com/apache/phoenix.git
[apache/phoenix] 候选方法（过滤后）: 87
[apache/phoenix] 接受: strict=8 relaxed=6 选用=8
[i-net-software/JWebAssembly] clone <- https://github.com/i-net-software/JWebAssembly.git
[i-net-software/JWebAssembly] 拒绝: 无 pom.xml（Gradle-only? gradle文件数=2）
[carrotsearch/hppc] clone <- https://github.com/carrotsearch/hppc.git
[carrotsearch/hppc] 拒绝: 无 pom.xml（Gradle-only? gradle文件数=18）
[Byron4j/CookBook] clone <- https://github.com/Byron4j/CookBook.git
[Byron4j/CookBook] 拒绝: pom 中未声明 JUnit 依赖
[agents-flex/agents-flex] clone <- https://github.com/agents-flex/agents-flex.git
[agents-flex/agents-flex] 候选方法（过滤后）: 8
[agents-flex/agents-flex] 接受: strict=2 relaxed=6 选用=5
[Netflix/Priam] clone <- https://github.com/Netflix/Priam.git
[Netflix/Priam] 拒绝: 无 pom.xml（Gradle-only? gradle文件数=8）
[apple/servicetalk] clone <- https://github.com/apple/servicetalk.git
[apple/servicetalk] 拒绝: pom 中未声明 JUnit 依赖
[googlesamples/android-testdpc] clone <- https://github.com/googlesamples/android-testdpc.git
[googlesamples/android-testdpc] 拒绝: 无 pom.xml（Gradle-only? gradle文件数=0）
[juanjuandog/FinSight-AI] clone <- https://github.com/juanjuandog/FinSight-AI.git
[juanjuandog/FinSight-AI] 拒绝: pom 中未声明 JUnit 依赖
[apache/flink-kubernetes-operator] clone <- https://github.com/apache/flink-kubernetes-operator.git
[apache/flink-kubernetes-operator] 候选方法（过滤后）: 3
[apache/flink-kubernetes-operator] 拒绝: 过 cutoff 候选不足（strict=1, relaxed=2）
[mezz/JustEnoughItems] clone <- https://github.com/mezz/JustEnoughItems.git
[mezz/JustEnoughItems] 拒绝: 无 pom.xml（Gradle-only? gradle文件数=10）
[gaarason/database-all] clone <- https://github.com/gaarason/database-all.git
[gaarason/database-all] 候选方法（过滤后）: 2
[gaarason/database-all] 拒绝: 过 cutoff 候选不足（strict=0, relaxed=0）
[google/tsunami-security-scanner-plugins] clone <- https://github.com/google/tsunami-security-scanner-plugins.git
[google/tsunami-security-scanner-plugins] 拒绝: 无 pom.xml（Gradle-only? gradle文件数=262）
[togglz/togglz] clone <- https://github.com/togglz/togglz.git
[togglz/togglz] 候选方法（过滤后）: 0
[togglz/togglz] 拒绝: 过 cutoff 候选不足（strict=0, relaxed=0）
[instagram4j/instagram4j] clone <- https://github.com/instagram4j/instagram4j.git
[instagram4j/instagram4j] 拒绝: 无 pom.xml（Gradle-only? gradle文件数=4）
[authorjapps/zerocode] clone <- https://github.com/authorjapps/zerocode.git
[authorjapps/zerocode] 候选方法（过滤后）: 1
[authorjapps/zerocode] 拒绝: 过 cutoff 候选不足（strict=0, relaxed=1）
[ent0n29/polybot] clone <- https://github.com/ent0n29/polybot.git
[ent0n29/polybot] 拒绝: pom 中未声明 JUnit 依赖
[AthenZ/athenz] clone <- https://github.com/AthenZ/athenz.git
[AthenZ/athenz] 拒绝: pom 中未声明 JUnit 依赖
[lukas-krecan/JsonUnit] clone <- https://github.com/lukas-krecan/JsonUnit.git
[lukas-krecan/JsonUnit] 候选方法（过滤后）: 0
[lukas-krecan/JsonUnit] 拒绝: 过 cutoff 候选不足（strict=0, relaxed=0）

完成。summary: /data/home/cjy/SoftwareTestingBenchmark/dataset/java_candidates/summary.csv
